// 重构日志: 1301f5a6
// 同步 ID: 0dcff6b1 @ Sun Jul 12 23:06:04 UTC 2026
// 重构日志: 1c82c572
// 重构日志: c2bdf4f4
// 同步 ID: 39d17787 @ Tue Jul 14 14:08:57 UTC 2026
// 重构日志: b1f47270
// 同步 ID: dc80abb9 @ Wed Jul 15 00:10:50 UTC 2026
// 重构日志: 801369c9
// 重构日志: e8148859
// 重构日志: 380984c7
// 重构日志: bfca9614
// 重构日志: 2b8633cd
// 重构日志: 212f902b
// 重构日志: 300b2f21
// 重构日志: 482fbad9
// 重构日志: ac6599e2
// 同步 ID: d38b3142 @ Sat Jul 18 12:01:31 UTC 2026
// 同步 ID: d421708e @ Mon Jul 20 14:31:33 UTC 2026
// 同步 ID: ae65b2c1 @ Tue Jul 21 04:30:05 UTC 2026
// 同步 ID: 6fbc7540 @ Fri Jul 24 10:46:30 UTC 2026
// 重构日志: 643486e4
// 重构日志: 8537a8fe
// 同步 ID: 216a81c7 @ Sat Jul 25 07:34:48 UTC 2026
// 同步 ID: 7af4595b @ Sat Jul 25 16:06:56 UTC 2026
// 重构日志: 22bd4678
// 同步 ID: d219acea @ Sun Jul 26 00:33:15 UTC 2026
// 重构日志: f430329d
// 重构日志: 781f4fd6
// 重构日志: c164d560
// 同步 ID: a31e31d4 @ Tue Jul 28 06:05:10 UTC 2026
